// Jest Snapshot v1, https://goo.gl/fbAQLP

exports[`snapshot for bubble component 1`] = `
Object {
  "BubbleFactory": Object {
    "get": [Function],
  },
}
`;
