// Jest Snapshot v1, https://goo.gl/fbAQLP

exports[`snapshot for cronograph component 1`] = `
Object {
  "Cronograph": Object {
    "init": [Function],
    "reset": [Function],
    "start": [Function],
    "stop": [Function],
  },
}
`;
