// Jest Snapshot v1, https://goo.gl/fbAQLP

exports[`snapshot for draggable component 1`] = `
Object {
  "Draggable": Object {
    "CLICK_THRESHOLD": 10,
    "DRAG_TIMEOUT": 200,
    "off": [Function],
    "on": [Function],
  },
}
`;
