// Jest Snapshot v1, https://goo.gl/fbAQLP

exports[`snapshot for modal component 1`] = `
Object {
  "Modal": Object {
    "flashMessage": [Function],
    "hide": [Function],
    "show": [Function],
    "showConfirm": [Function],
  },
}
`;
