// Jest Snapshot v1, https://goo.gl/fbAQLP

exports[`snapshot for ejsTemplate component 1`] = `
Object {
  "EJSTemplate": [Function],
}
`;
